This is pdfTeX, Version 3.141592653-2.6-1.40.29 (TeX Live 2026) (preloaded format=pdflatex 2026.8.30)  5 SEP 2026 22:04
entering extended mode
 restricted \write18 enabled.
 file:line:error style messages enabled.
 %&-line parsing enabled.
**/data/zb/ymj/MUS/ICASSP2027_Paper_Templates/Template.tex
(/data/zb/ymj/MUS/ICASSP2027_Paper_Templates/Template.tex
LaTeX2e <2026-06-01>
L3 programming layer <2026-08-10>
(/data/zb/ymj/MUS/.texlive/texmf-dist/tex/latex/base/article.cls
Document Class: article 2025/01/22 v1.4n Standard LaTeX document class
(/data/zb/ymj/MUS/.texlive/texmf-dist/tex/latex/base/size10.clo
File: size10.clo 2025/01/22 v1.4n Standard LaTeX file (size option)
)
\c@part=\count276
\c@section=\count277
\c@subsection=\count278
\c@subsubsection=\count279
\c@paragraph=\count280
\c@subparagraph=\count281
\c@figure=\count282
\c@table=\count283
\abovecaptionskip=\skip49
\belowcaptionskip=\skip50
\bibindent=\dimen150
) (./spconf.sty) (/data/zb/ymj/MUS/.texlive/texmf-dist/tex/latex/amsmath/amsmath.sty
Package: amsmath 2026/05/19 v2.18d AMS math features
\@mathmargin=\skip51

For additional information on amsmath, use the `?' option.
(/data/zb/ymj/MUS/.texlive/texmf-dist/tex/latex/amsmath/amstext.sty
Package: amstext 2024/11/17 v2.01 AMS text
 (/data/zb/ymj/MUS/.texlive/texmf-dist/tex/latex/amsmath/amsgen.sty
File: amsgen.sty 1999/11/30 v2.0 generic functions
\@emptytoks=\toks17
\ex@=\dimen151
)) (/data/zb/ymj/MUS/.texlive/texmf-dist/tex/latex/amsmath/amsbsy.sty
Package: amsbsy 1999/11/29 v1.2d Bold Symbols
\pmbraise@=\dimen152
) (/data/zb/ymj/MUS/.texlive/texmf-dist/tex/latex/amsmath/amsopn.sty
Package: amsopn 2022/04/08 v2.04 operator names
)
\inf@bad=\count284
LaTeX Info: Redefining \frac on input line 233.
\uproot@=\count285
\leftroot@=\count286
LaTeX Info: Redefining \overline on input line 398.
LaTeX Info: Redefining \colon on input line 409.
\classnum@=\count287
\DOTSCASE@=\count288
LaTeX Info: Redefining \ldots on input line 495.
LaTeX Info: Redefining \dots on input line 498.
LaTeX Info: Redefining \cdots on input line 619.
\Mathstrutbox@=\box53
\strutbox@=\box54
LaTeX Info: Redefining \big on input line 721.
LaTeX Info: Redefining \Big on input line 722.
LaTeX Info: Redefining \bigg on input line 723.
LaTeX Info: Redefining \Bigg on input line 724.
\big@size=\dimen153
LaTeX Font Info:    Redeclaring font encoding OML on input line 742.
LaTeX Font Info:    Redeclaring font encoding OMS on input line 743.
\macc@depth=\count289
LaTeX Info: Redefining \bmod on input line 904.
LaTeX Info: Redefining \pmod on input line 909.
LaTeX Info: Redefining \smash on input line 939.
LaTeX Info: Redefining \relbar on input line 969.
LaTeX Info: Redefining \Relbar on input line 970.
\c@MaxMatrixCols=\count290
\dotsspace@=\muskip17
\c@parentequation=\count291
\dspbrk@lvl=\count292
\tag@help=\toks18
\row@=\count293
\column@=\count294
\maxfields@=\count295
\andhelp@=\toks19
\eqnshift@=\dimen154
\alignsep@=\dimen155
\tagshift@=\dimen156
\tagwidth@=\dimen157
\totwidth@=\dimen158
\lineht@=\dimen159
\@envbody=\toks20
\multlinegap=\skip52
\multlinetaggap=\skip53
\mathdisplay@stack=\toks21
LaTeX Info: Redefining \[ on input line 2965.
LaTeX Info: Redefining \] on input line 2966.
) (/data/zb/ymj/MUS/.texlive/texmf-dist/tex/latex/amsfonts/amssymb.sty
Package: amssymb 2013/01/14 v3.01 AMS font symbols
 (/data/zb/ymj/MUS/.texlive/texmf-dist/tex/latex/amsfonts/amsfonts.sty
Package: amsfonts 2013/01/14 v3.01 Basic AMSFonts support
\symAMSa=\mathgroup4
\symAMSb=\mathgroup5
LaTeX Font Info:    Redeclaring math symbol \hbar on input line 98.
LaTeX Font Info:    Overwriting math alphabet `\mathfrak' in version `bold'
(Font)                  U/euf/m/n --> U/euf/b/n on input line 106.
)) (/data/zb/ymj/MUS/.texlive/texmf-dist/tex/latex/graphics/graphicx.sty
Package: graphicx 2026-05-17 v1.2e Enhanced LaTeX Graphics (DPC,SPQR)
 (/data/zb/ymj/MUS/.texlive/texmf-dist/tex/latex/graphics/keyval.sty
Package: keyval 2026-05-17 v1.15 key=value parser (DPC)
\KV@toks@=\toks22
) (/data/zb/ymj/MUS/.texlive/texmf-dist/tex/latex/graphics/graphics.sty
Package: graphics 2026-05-17 v1.4h Standard LaTeX Graphics (DPC,SPQR)
 (/data/zb/ymj/MUS/.texlive/texmf-dist/tex/latex/graphics/trig.sty
Package: trig 2023/12/02 v1.11 sin cos tan (DPC)
) (/data/zb/ymj/MUS/.texlive/texmf-dist/tex/latex/graphics-cfg/graphics.cfg
File: graphics.cfg 2016/06/04 v1.11 sample graphics configuration
)
Package graphics Info: Driver file: pdftex.def on input line 106.
 (/data/zb/ymj/MUS/.texlive/texmf-dist/tex/latex/graphics-def/pdftex.def
File: pdftex.def 2025/09/29 v1.2d Graphics/color driver for pdftex
))
\Gin@req@height=\dimen160
\Gin@req@width=\dimen161
) (/data/zb/ymj/MUS/.texlive/texmf-dist/tex/latex/booktabs/booktabs.sty
Package: booktabs 2020/01/12 v1.61803398 Publication quality tables
\heavyrulewidth=\dimen162
\lightrulewidth=\dimen163
\cmidrulewidth=\dimen164
\belowrulesep=\dimen165
\belowbottomsep=\dimen166
\aboverulesep=\dimen167
\abovetopsep=\dimen168
\cmidrulesep=\dimen169
\cmidrulekern=\dimen170
\defaultaddspace=\dimen171
\@cmidla=\count296
\@cmidlb=\count297
\@aboverulesep=\dimen172
\@belowrulesep=\dimen173
\@thisruleclass=\count298
\@lastruleclass=\count299
\@thisrulewidth=\dimen174
) (/data/zb/ymj/MUS/.texlive/texmf-dist/tex/latex/hyperref/hyperref.sty
Package: hyperref 2026-06-17 v7.01r Hypertext links for LaTeX
 (/data/zb/ymj/MUS/.texlive/texmf-dist/tex/generic/iftex/iftex.sty
Package: iftex 2024/12/12 v1.0g TeX engine tests
) (/data/zb/ymj/MUS/.texlive/texmf-dist/tex/latex/kvsetkeys/kvsetkeys.sty
Package: kvsetkeys 2022-10-05 v1.19 Key value parser (HO)
) (/data/zb/ymj/MUS/.texlive/texmf-dist/tex/generic/kvdefinekeys/kvdefinekeys.sty
Package: kvdefinekeys 2019-12-19 v1.6 Define keys (HO)
) (/data/zb/ymj/MUS/.texlive/texmf-dist/tex/generic/pdfescape/pdfescape.sty
Package: pdfescape 2019/12/09 v1.15 Implements pdfTeX's escape features (HO)
 (/data/zb/ymj/MUS/.texlive/texmf-dist/tex/generic/ltxcmds/ltxcmds.sty
Package: ltxcmds 2023-12-04 v1.26 LaTeX kernel commands for general use (HO)
) (/data/zb/ymj/MUS/.texlive/texmf-dist/tex/generic/pdftexcmds/pdftexcmds.sty
Package: pdftexcmds 2020-06-27 v0.33 Utility functions of pdfTeX for LuaTeX (HO)
 (/data/zb/ymj/MUS/.texlive/texmf-dist/tex/generic/infwarerr/infwarerr.sty
Package: infwarerr 2019/12/03 v1.5 Providing info/warning/error messages (HO)
)
Package pdftexcmds Info: \pdf@primitive is available.
Package pdftexcmds Info: \pdf@ifprimitive is available.
Package pdftexcmds Info: \pdfdraftmode found.
)) (/data/zb/ymj/MUS/.texlive/texmf-dist/tex/latex/hycolor/hycolor.sty
Package: hycolor 2020-01-27 v1.10 Color options for hyperref/bookmark (HO)
) (/data/zb/ymj/MUS/.texlive/texmf-dist/tex/latex/hyperref/nameref.sty
Package: nameref 2026-01-29 v2.58 Cross-referencing by name of section
 (/data/zb/ymj/MUS/.texlive/texmf-dist/tex/latex/refcount/refcount.sty
Package: refcount 2019/12/15 v3.6 Data extraction from label references (HO)
) (/data/zb/ymj/MUS/.texlive/texmf-dist/tex/generic/gettitlestring/gettitlestring.sty
Package: gettitlestring 2019/12/15 v1.6 Cleanup title references (HO)
 (/data/zb/ymj/MUS/.texlive/texmf-dist/tex/latex/kvoptions/kvoptions.sty
Package: kvoptions 2022-06-15 v3.15 Key value format for package options (HO)
))
\c@section@level=\count300
) (/data/zb/ymj/MUS/.texlive/texmf-dist/tex/latex/etoolbox/etoolbox.sty
Package: etoolbox 2025/10/02 v2.5m e-TeX tools for LaTeX (JAW)
\etb@tempcnta=\count301
) (/data/zb/ymj/MUS/.texlive/texmf-dist/tex/generic/stringenc/stringenc.sty
Package: stringenc 2019/11/29 v1.12 Convert strings between diff. encodings (HO)
)
\@linkdim=\dimen175
\Hy@linkcounter=\count302
\Hy@pagecounter=\count303
 (/data/zb/ymj/MUS/.texlive/texmf-dist/tex/latex/hyperref/pd1enc.def
File: pd1enc.def 2026-06-17 v7.01r Hyperref: PDFDocEncoding definition (HO)
Now handling font encoding PD1 ...
... no UTF-8 mapping file for font encoding PD1
) (/data/zb/ymj/MUS/.texlive/texmf-dist/tex/generic/intcalc/intcalc.sty
Package: intcalc 2019/12/15 v1.3 Expandable calculations with integers (HO)
)
\Hy@SavedSpaceFactor=\count304
 (/data/zb/ymj/MUS/.texlive/texmf-dist/tex/latex/hyperref/puenc.def
File: puenc.def 2026-06-17 v7.01r Hyperref: PDF Unicode definition (HO)
Now handling font encoding PU ...
... no UTF-8 mapping file for font encoding PU
)
Package hyperref Info: Hyper figures OFF on input line 4199.
Package hyperref Info: Link nesting OFF on input line 4204.
Package hyperref Info: Hyper index ON on input line 4207.
Package hyperref Info: Plain pages OFF on input line 4214.
Package hyperref Info: Backreferencing OFF on input line 4219.
Package hyperref Info: Implicit mode ON; LaTeX internals redefined.
Package hyperref Info: Bookmarks ON on input line 4466.
\c@Hy@tempcnt=\count305
 (/data/zb/ymj/MUS/.texlive/texmf-dist/tex/latex/url/url.sty
\Urlmuskip=\muskip18
Package: url 2013/09/16  ver 3.4  Verb mode for urls, etc.
)
LaTeX Info: Redefining \url on input line 4805.
\XeTeXLinkMargin=\dimen176
 (/data/zb/ymj/MUS/.texlive/texmf-dist/tex/generic/bitset/bitset.sty
Package: bitset 2019/12/09 v1.3 Handle bit-vector datatype (HO)
 (/data/zb/ymj/MUS/.texlive/texmf-dist/tex/generic/bigintcalc/bigintcalc.sty
Package: bigintcalc 2019/12/15 v1.5 Expandable calculations on big integers (HO)
))
\Fld@menulength=\count306
\Field@Width=\dimen177
\Fld@charsize=\dimen178
Package hyperref Info: Hyper figures OFF on input line 6091.
Package hyperref Info: Link nesting OFF on input line 6096.
Package hyperref Info: Hyper index ON on input line 6099.
Package hyperref Info: backreferencing OFF on input line 6106.
Package hyperref Info: Link coloring OFF on input line 6111.
Package hyperref Info: Link coloring with OCG OFF on input line 6116.
Package hyperref Info: PDF/A mode OFF on input line 6121.
\Hy@abspage=\count307
\c@Item=\count308
\c@Hfootnote=\count309
)
Package hyperref Info: Driver (autodetected): hpdftex.
 (/data/zb/ymj/MUS/.texlive/texmf-dist/tex/latex/hyperref/hpdftex.def
File: hpdftex.def 2026-06-17 v7.01r Hyperref driver for pdfTeX
\Fld@listcount=\count310
\c@bookmark@seq@number=\count311
 (/data/zb/ymj/MUS/.texlive/texmf-dist/tex/latex/rerunfilecheck/rerunfilecheck.sty
Package: rerunfilecheck 2025-06-21 v1.11 Rerun checks for auxiliary files (HO)
 (/data/zb/ymj/MUS/.texlive/texmf-dist/tex/generic/uniquecounter/uniquecounter.sty
Package: uniquecounter 2019/12/15 v1.4 Provide unlimited unique counter (HO)
)
Package uniquecounter Info: New unique counter `rerunfilecheck' on input line 284.
)
\Hy@SectionHShift=\skip54
)
LaTeX Font Info:    Trying to load font information for OT1+ptm on input line 15.
 (/data/zb/ymj/MUS/.texlive/texmf-dist/tex/latex/psnfss/ot1ptm.fd
File: ot1ptm.fd 2001/06/04 font definitions for OT1/ptm.
) (/data/zb/ymj/MUS/.texlive/texmf-dist/tex/latex/l3kernel/l3backend-pdftex.def
File: l3backend-pdftex.def 2026-08-10 L3 backend support: PDF output (pdfTeX)
\l__color_backend_stack_int=\count312
) (./Template.aux)
\openout1 = `Template.aux'.

LaTeX Font Info:    Checking defaults for OML/cmm/m/it on input line 15.
LaTeX Font Info:    ... okay on input line 15.
LaTeX Font Info:    Checking defaults for OMS/cmsy/m/n on input line 15.
LaTeX Font Info:    ... okay on input line 15.
LaTeX Font Info:    Checking defaults for OT1/cmr/m/n on input line 15.
LaTeX Font Info:    ... okay on input line 15.
LaTeX Font Info:    Checking defaults for T1/cmr/m/n on input line 15.
LaTeX Font Info:    ... okay on input line 15.
LaTeX Font Info:    Checking defaults for TS1/cmr/m/n on input line 15.
LaTeX Font Info:    ... okay on input line 15.
LaTeX Font Info:    Checking defaults for OMX/cmex/m/n on input line 15.
LaTeX Font Info:    ... okay on input line 15.
LaTeX Font Info:    Checking defaults for U/cmr/m/n on input line 15.
LaTeX Font Info:    ... okay on input line 15.
LaTeX Font Info:    Checking defaults for PD1/pdf/m/n on input line 15.
LaTeX Font Info:    ... okay on input line 15.
LaTeX Font Info:    Checking defaults for PU/pdf/m/n on input line 15.
LaTeX Font Info:    ... okay on input line 15.
 (/data/zb/ymj/MUS/.texlive/texmf-dist/tex/context/base/mkii/supp-pdf.mkii
[Loading MPS to PDF converter (version 2006.09.02).]
\scratchcounter=\count313
\scratchdimen=\dimen179
\scratchbox=\box55
\nofMPsegments=\count314
\nofMParguments=\count315
\everyMPshowfont=\toks23
\MPscratchCnt=\count316
\MPscratchDim=\dimen180
\MPnumerator=\count317
\makeMPintoPDFobject=\count318
\everyMPtoPDFconversion=\toks24
) (/data/zb/ymj/MUS/.texlive/texmf-dist/tex/latex/epstopdf-pkg/epstopdf-base.sty
Package: epstopdf-base 2020-01-24 v2.11 Base part for package epstopdf
Package epstopdf-base Info: Redefining graphics rule for `.eps' on input line 485.
 (/data/zb/ymj/MUS/.texlive/texmf-dist/tex/latex/latexconfig/epstopdf-sys.cfg
File: epstopdf-sys.cfg 2010/07/13 v1.3 Configuration of (r)epstopdf for TeX Live
))
Package hyperref Info: Link coloring OFF on input line 15.
 (./Template.out) (./Template.out)
\@outlinefile=\write3
\openout3 = `Template.out'.

LaTeX Font Info:    Trying to load font information for U+msa on input line 20.
 (/data/zb/ymj/MUS/.texlive/texmf-dist/tex/latex/amsfonts/umsa.fd
File: umsa.fd 2013/01/14 v3.01 AMS symbols A
)
LaTeX Font Info:    Trying to load font information for U+msb on input line 20.
 (/data/zb/ymj/MUS/.texlive/texmf-dist/tex/latex/amsfonts/umsb.fd
File: umsb.fd 2013/01/14 v3.01 AMS symbols B
)
Overfull \hbox (1.32315pt too wide) in paragraph at lines 30--31
\OT1/ptm/m/n/10 Self-supervised learn-ing (SSL) has be-come a cen-tral paradigm
 []


Underfull \hbox (badness 1264) in paragraph at lines 32--33
\OT1/ptm/m/n/10 lex-i-cal, and higher-level lin-guis-tic in-for-ma-tion has been
 []


Underfull \hbox (badness 1043) in paragraph at lines 32--33
\OT1/ptm/m/n/10 space through self-supervised rewiring or representation-
 []

[1{/data/zb/ymj/MUS/.texlive/texmf-var/fonts/map/pdftex/updmap/pdftex.map}{/data/zb/ymj/MUS/.texlive/texmf-dist/fonts/enc/dvips/base/8r.enc}



]
Overfull \hbox (16.46416pt too wide) in paragraph at lines 40--41
[]\OT1/ptm/m/n/10 Our con-tri-bu-tions are three-fold: (1) we study how recognition-
 []

<figures/formal_shift_pruning.pdf, id=118, 436.89223pt x 224.25932pt>
File: figures/formal_shift_pruning.pdf Graphic file (type pdf)
<use figures/formal_shift_pruning.pdf>
Package pdftex.def Info: figures/formal_shift_pruning.pdf  used on input line 50.
(pdftex.def)             Requested size: 244.6937pt x 125.60146pt.

Underfull \vbox (badness 10000) has occurred while \output is active []

 [2 <./figures/formal_shift_pruning.pdf>] [3] (./Template.bbl
Underfull \hbox (badness 2635) in paragraph at lines 19--22
[]\OT1/ptm/m/n/10 Sanyuan Chen, Chengyi Wang, Zhengyang Chen,
 []


Underfull \hbox (badness 3019) in paragraph at lines 29--32
[]\OT1/ptm/m/n/10 Shu-wen Yang, Po-Han Chi, Yung-Sung Chuang,
 []


Underfull \hbox (badness 1412) in paragraph at lines 29--32
\OT1/ptm/m/n/10 Liu, Ji-a-tong Shi, Xu-ankai Chang, Guan-Ting Lin,
 []


Underfull \hbox (badness 1184) in paragraph at lines 53--56
[]\OT1/ptm/m/n/10 Ankita Pasad, Ju-Chieh Chou, and Karen Livescu,
 []


Underfull \hbox (badness 2302) in paragraph at lines 53--56
\OT1/ptm/m/it/10 Recog-ni-tion and Un-der-stand-ing Work-shop (ASRU)\OT1/ptm/m/n/10 ,
 []

[4]) [5] (./Template.aux)
 ***********
LaTeX2e <2026-06-01>
L3 programming layer <2026-08-10>
 ***********
Package rerunfilecheck Info: File `Template.out' has not changed.
(rerunfilecheck)             Checksum: FDFE74E9ADC9C6393F5D3B8C10A5674D;2305.
 ) 
Here is how much of TeX's memory you used:
 9980 strings out of 468580
 152561 string characters out of 5444722
 582446 words of memory out of 5000000
 38909 multiletter control sequences out of 15000+600000
 649165 words of font info for 84 fonts, out of 8000000 for 9000
 319 hyphenation exceptions out of 8191
 74i,12n,79p,1285b,589s stack positions out of 10000i,1000n,20000p,200000b,200000s
</data/zb/ymj/MUS/.texlive/texmf-dist/fonts/type1/public/amsfonts/cm/cmbx10.pfb></data/zb/ymj/MUS/.texlive/texmf-dist/fonts/type1/public/amsfonts/cm/cmbx7.pfb></data/zb/ymj/MUS/.texlive/texmf-dist/fonts/type1/public/amsfonts/cm/cmex10.pfb></data/zb/ymj/MUS/.texlive/texmf-dist/fonts/type1/public/amsfonts/cm/cmmi10.pfb></data/zb/ymj/MUS/.texlive/texmf-dist/fonts/type1/public/amsfonts/cm/cmmi5.pfb></data/zb/ymj/MUS/.texlive/texmf-dist/fonts/type1/public/amsfonts/cm/cmmi7.pfb></data/zb/ymj/MUS/.texlive/texmf-dist/fonts/type1/public/amsfonts/cm/cmr10.pfb></data/zb/ymj/MUS/.texlive/texmf-dist/fonts/type1/public/amsfonts/cm/cmr5.pfb></data/zb/ymj/MUS/.texlive/texmf-dist/fonts/type1/public/amsfonts/cm/cmr7.pfb></data/zb/ymj/MUS/.texlive/texmf-dist/fonts/type1/public/amsfonts/cm/cmsy10.pfb></data/zb/ymj/MUS/.texlive/texmf-dist/fonts/type1/public/amsfonts/cm/cmsy7.pfb></data/zb/ymj/MUS/.texlive/texmf-dist/fonts/type1/public/amsfonts/symbols/msbm10.pfb></data/zb/ymj/MUS/.texlive/texmf-dist/fonts/type1/urw/times/utmb8a.pfb></data/zb/ymj/MUS/.texlive/texmf-dist/fonts/type1/urw/times/utmbi8a.pfb></data/zb/ymj/MUS/.texlive/texmf-dist/fonts/type1/urw/times/utmr8a.pfb></data/zb/ymj/MUS/.texlive/texmf-dist/fonts/type1/urw/times/utmri8a.pfb>
Output written on Template.pdf (5 pages, 227401 bytes).
PDF statistics:
 334 PDF objects out of 1000 (max. 8388607)
 222 compressed objects within 3 object streams
 63 named destinations out of 1000 (max. 500000)
 94 words of extra memory for PDF output out of 10000 (max. 10000000)

